---
source: tests/00_common/assertion.rs
expression: "&ast"
---
program:
  stmts:
    - ExprStmt:
        expr:
          Call:
            callee:
              Member:
                target:
                  Var: obj
                field: method
            args: []
  modules: []
  globals: []
  entry: ~
stmts:
  - ExprStmt:
      expr:
        Call:
          callee:
            Member:
              target:
                Var: obj
              field: method
          args: []
