---
source: tests/00_common/assertion.rs
expression: "&ast"
---
program:
  stmts:
    - ExprStmt:
        expr:
          Binary:
            left:
              Var: a
            op: Power
            right:
              Unary:
                op: Neg
                expr:
                  Var: b
  modules: []
  globals: []
  entry: ~
stmts:
  - ExprStmt:
      expr:
        Binary:
          left:
            Var: a
          op: Power
          right:
            Unary:
              op: Neg
              expr:
                Var: b
