---
source: tests/00_common/assertion.rs
expression: "&ast"
---
program:
  stmts:
    - ExprStmt:
        expr:
          Index:
            target:
              Var: arr
            index:
              Binary:
                left:
                  Var: i
                op: Add
                right:
                  Number: 1
  modules: []
  globals: []
  entry: ~
stmts:
  - ExprStmt:
      expr:
        Index:
          target:
            Var: arr
          index:
            Binary:
              left:
                Var: i
              op: Add
              right:
                Number: 1
