---
source: tests/00_common/assertion.rs
expression: "&ast"
---
program:
  stmts:
    - ExprStmt:
        expr:
          Call:
            callee:
              Var: f
            args:
              - Number: 1
  modules: []
  globals: []
  entry: ~
stmts:
  - ExprStmt:
      expr:
        Call:
          callee:
            Var: f
          args:
            - Number: 1
