---
source: tests/00_common/assertion.rs
expression: "&ast"
---
program:
  stmts:
    - ExprStmt:
        expr:
          Unary:
            op: Not
            expr:
              Bool: true
  modules: []
  globals: []
  entry: ~
stmts:
  - ExprStmt:
      expr:
        Unary:
          op: Not
          expr:
            Bool: true
