---
source: tests/00_common/assertion.rs
expression: "&ast"
---
program:
  stmts:
    - Function:
        name: foo
        params: []
        body:
          - Return:
              value:
                Number: 42
  modules: []
  globals: []
  entry: ~
stmts:
  - Function:
      name: foo
      params: []
      body:
        - Return:
            value:
              Number: 42
