---
source: tests/00_common/assertion.rs
expression: "&ast"
---
program:
  stmts:
    - If:
        condition:
          Var: a
        then_branch:
          - Let:
              name: x
              kind: MutableStatic
              value:
                Number: 1
        else_branch:
          - If:
              condition:
                Var: b
              then_branch:
                - Let:
                    name: x
                    kind: MutableStatic
                    value:
                      Number: 2
              else_branch: ~
  modules: []
  globals: []
  entry: ~
stmts:
  - If:
      condition:
        Var: a
      then_branch:
        - Let:
            name: x
            kind: MutableStatic
            value:
              Number: 1
      else_branch:
        - If:
            condition:
              Var: b
            then_branch:
              - Let:
                  name: x
                  kind: MutableStatic
                  value:
                    Number: 2
            else_branch: ~
