---
source: tests/00_common/assertion.rs
expression: "&ast"
---
program:
  stmts:
    - ExprStmt:
        expr:
          Binary:
            left:
              Number: 1
            op: Eq
            right:
              Binary:
                left:
                  Number: 2
                op: Lt
                right:
                  Number: 3
  modules: []
  globals: []
  entry: ~
stmts:
  - ExprStmt:
      expr:
        Binary:
          left:
            Number: 1
          op: Eq
          right:
            Binary:
              left:
                Number: 2
              op: Lt
              right:
                Number: 3
