---
source: tests/00_common/assertion.rs
expression: "&ast"
---
program:
  stmts:
    - ExprStmt:
        expr:
          Binary:
            left:
              Unary:
                op: Neg
                expr:
                  Var: a
            op: Mul
            right:
              Var: b
  modules: []
  globals: []
  entry: ~
stmts:
  - ExprStmt:
      expr:
        Binary:
          left:
            Unary:
              op: Neg
              expr:
                Var: a
          op: Mul
          right:
            Var: b
