---
source: tests/00_common/assertion.rs
expression: ast
---
program:
  stmts:
    - ExprStmt:
        expr:
          Binary:
            left:
              Binary:
                left:
                  Var: a
                op: Power
                right:
                  Var: b
            op: Mul
            right:
              Var: c
  modules: []
  globals: []
  entry: ~
stmts:
  - ExprStmt:
      expr:
        Binary:
          left:
            Binary:
              left:
                Var: a
              op: Power
              right:
                Var: b
          op: Mul
          right:
            Var: c
