---
source: tests/snapshot_tests.rs
expression: ast
---
stmts:
  - ExprStmt:
      expr:
        Assign:
          left:
            Var: val1
          right:
            Binary:
              left:
                Number: 5
              op: Add
              right:
                Number: 3
  - ExprStmt:
      expr:
        Assign:
          left:
            Var: x
          right:
            Number: 10
  - ExprStmt:
      expr:
        Assign:
          left:
            Var: y
          right:
            Var: x
  - ExprStmt:
      expr:
        Assign:
          left:
            Var: z
          right:
            Binary:
              left:
                Binary:
                  left:
                    Number: 5
                  op: Add
                  right:
                    Number: 3
              op: Add
              right:
                Binary:
                  left:
                    Number: 2
                  op: Add
                  right:
                    Number: 1
  - ExprStmt:
      expr:
        Assign:
          left:
            Var: y
          right:
            Binary:
              left:
                Var: x
              op: Add
              right:
                Number: 2
  - ExprStmt:
      expr:
        Assign:
          left:
            Var: z
          right:
            Binary:
              left:
                Var: x
              op: Add
              right:
                Number: 2
  - Print:
      expr:
        Var: y
