---
source: tests/00_common/lexer.rs
expression: self.tokens
---
[
    If,
    LParen,
    Ident(
        "x",
    ),
    RParen,
    LBrace,
    While,
    LParen,
    True,
    RParen,
    LBrace,
    Function,
    Ident(
        "test",
    ),
    LParen,
    RParen,
    LBrace,
    Return,
    RBrace,
    RBrace,
    RBrace,
    EOF,
]
